env: load .env
env: export REACT_APP_ROS_HTTP_BASE REACT_APP_ROS_WS_URL
ΓÇ║ Building app...
Starting a Gradle Daemon, 2 busy and 1 stopped Daemons could not be reused, use --status for details
node.exe : 
At line:1 char:1
+ & "C:\Program Files\nodejs/node.exe" 
"C:\Users\FLASH\AppData\Roaming\ ...
+ 
~~~~~~~~~~~~~~~~~~~~~~~~~~~~~~~~~~~~~~~~~~~~~~~~~~~~~~~~~~~~~~~~~~~~~
    + CategoryInfo          : NotSpecified: (:String) [], RemoteExce 
   ption
    + FullyQualifiedErrorId : NativeCommandError
 
FAILURE: Build failed with an exception.

* What went wrong:
Unable to start the daemon process.
This problem might be caused by incorrect configuration of the 
daemon.
For example, an unrecognized jvm option is used.For more details on 
the daemon, please refer to 
https://docs.gradle.org/8.13/userguide/gradle_daemon.html in the 
Gradle documentation.
Process command line: C:\Program Files\Eclipse 
Adoptium\jdk-17.0.17.10-hotspot\bin\java.exe 
--add-opens=java.base/java.lang=ALL-UNNAMED 
--add-opens=java.base/java.lang.invoke=ALL-UNNAMED 
--add-opens=java.base/java.util=ALL-UNNAMED 
--add-opens=java.prefs/java.util.prefs=ALL-UNNAMED 
--add-exports=jdk.compiler/com.sun.tools.javac.api=ALL-UNNAMED 
--add-exports=jdk.compiler/com.sun.tools.javac.util=ALL-UNNAMED 
--add-opens=java.base/java.util=ALL-UNNAMED 
--add-opens=java.prefs/java.util.prefs=ALL-UNNAMED 
--add-opens=java.base/java.nio.charset=ALL-UNNAMED 
--add-opens=java.base/java.net=ALL-UNNAMED 
--add-opens=java.base/java.util.concurrent.atomic=ALL-UNNAMED 
--add-opens=java.xml/javax.xml.namespace=ALL-UNNAMED 
-XX:MaxMetaspaceSize=1024m -XX:+HeapDumpOnOutOfMemoryError 
-XX:HeapDumpPath=./android -Xmx4096m -Dfile.encoding=windows-1252 
-Duser.country=US -Duser.language=en -Duser.variant -cp C:\Users\FLAS
H\.gradle\wrapper\dists\gradle-8.13-bin\5xuhj0ry160q40clulazy9h7d\gra
dle-8.13\lib\gradle-daemon-main-8.13.jar -javaagent:C:\Users\FLASH\.g
radle\wrapper\dists\gradle-8.13-bin\5xuhj0ry160q40clulazy9h7d\gradle-
8.13\lib\agents\gradle-instrumentation-agent-8.13.jar 
org.gradle.launcher.daemon.bootstrap.GradleDaemon 8.13
Please read the following process output to find out more:
-----------------------
OpenJDK 64-Bit Server VM warning: INFO: 
os::commit_memory(0x0000000700000000, 130023424, 0) failed; 
error='The paging file is too small for this operation to complete' 
(DOS error/errno=1455)
#
# There is insufficient memory for the Java Runtime Environment to 
continue.
# Native memory allocation (mmap) failed to map 130023424 bytes. 
Error detail: G1 virtual space
# An error report file with more information is saved as:
# C:\Users\FLASH\.gradle\daemon\8.13\hs_err_pid59148.log


* Try:
> Run with --stacktrace option to get the stack trace.
> Run with --info or --debug option to get more log output.
> Run with --scan to get full insights.
> Get more help at https://help.gradle.org.
Error: D:\DYX-GCS-Mobile\android\gradlew.bat app:assembleDebug -x 
lint -x test --configure-on-demand --build-cache 
-PreactNativeDevServerPort=8081 
-PreactNativeArchitectures=arm64-v8a,armeabi-v7a exited with 
non-zero code: 1
Error: D:\DYX-GCS-Mobile\android\gradlew.bat app:assembleDebug -x 
lint -x test --configure-on-demand --build-cache 
-PreactNativeDevServerPort=8081 
-PreactNativeArchitectures=arm64-v8a,armeabi-v7a exited with 
non-zero code: 1
    at ChildProcess.completionListener (D:\DYX-GCS-Mobile\node_module
s\@expo\spawn-async\src\spawnAsync.ts:67:13)
    at Object.onceWrapper (node:events:634:26)
    at ChildProcess.emit (node:events:519:28)
    at ChildProcess.cp.emit 
(D:\DYX-GCS-Mobile\node_modules\cross-spawn\lib\enoent.js:34:29)
    at maybeClose (node:internal/child_process:1101:16)
    at Process.ChildProcess._handle.onexit 
(node:internal/child_process:304:5)
    ...
    at spawnAsync (D:\DYX-GCS-Mobile\node_modules\@expo\spawn-async\s
rc\spawnAsync.ts:28:21)
    at spawnGradleAsync (D:\DYX-GCS-Mobile\node_modules\expo\node_mod
ules\@expo\cli\src\start\platforms\android\gradle.ts:134:28)
    at assembleAsync (D:\DYX-GCS-Mobile\node_modules\expo\node_module
s\@expo\cli\src\start\platforms\android\gradle.ts:83:16)
    at runAndroidAsync (D:\DYX-GCS-Mobile\node_modules\expo\node_modu
les\@expo\cli\src\run\android\runAndroidAsync.ts:62:24)
